// Jest Snapshot v1, https://goo.gl/fbAQLP

exports[`Snapshot Testing App component snapshot testing 1`] = `
Object {
  "asFragment": [Function],
  "baseElement": <body>
    <div>
      <div
        class="App"
      >
        <p>
          First React Test caseee
        </p>
        <input
          id="userId"
          name="username"
          placeholder="Enter User Name"
          type="text"
          value=""
        />
        <br />
        <br />
        <br />
        <h1>
          Test Click Event with Button
        </h1>
        <button>
          Update data
        </button>
        <h2 />
        <img
          src="logo.svg"
          title="React logo"
        />
      </div>
    </div>
  </body>,
  "container": <div>
    <div
      class="App"
    >
      <p>
        First React Test caseee
      </p>
      <input
        id="userId"
        name="username"
        placeholder="Enter User Name"
        type="text"
        value=""
      />
      <br />
      <br />
      <br />
      <h1>
        Test Click Event with Button
      </h1>
      <button>
        Update data
      </button>
      <h2 />
      <img
        src="logo.svg"
        title="React logo"
      />
    </div>
  </div>,
  "debug": [Function],
  "findAllByAltText": [Function],
  "findAllByDisplayValue": [Function],
  "findAllByLabelText": [Function],
  "findAllByPlaceholderText": [Function],
  "findAllByRole": [Function],
  "findAllByTestId": [Function],
  "findAllByText": [Function],
  "findAllByTitle": [Function],
  "findByAltText": [Function],
  "findByDisplayValue": [Function],
  "findByLabelText": [Function],
  "findByPlaceholderText": [Function],
  "findByRole": [Function],
  "findByTestId": [Function],
  "findByText": [Function],
  "findByTitle": [Function],
  "getAllByAltText": [Function],
  "getAllByDisplayValue": [Function],
  "getAllByLabelText": [Function],
  "getAllByPlaceholderText": [Function],
  "getAllByRole": [Function],
  "getAllByTestId": [Function],
  "getAllByText": [Function],
  "getAllByTitle": [Function],
  "getByAltText": [Function],
  "getByDisplayValue": [Function],
  "getByLabelText": [Function],
  "getByPlaceholderText": [Function],
  "getByRole": [Function],
  "getByTestId": [Function],
  "getByText": [Function],
  "getByTitle": [Function],
  "queryAllByAltText": [Function],
  "queryAllByDisplayValue": [Function],
  "queryAllByLabelText": [Function],
  "queryAllByPlaceholderText": [Function],
  "queryAllByRole": [Function],
  "queryAllByTestId": [Function],
  "queryAllByText": [Function],
  "queryAllByTitle": [Function],
  "queryByAltText": [Function],
  "queryByDisplayValue": [Function],
  "queryByLabelText": [Function],
  "queryByPlaceholderText": [Function],
  "queryByRole": [Function],
  "queryByTestId": [Function],
  "queryByText": [Function],
  "queryByTitle": [Function],
  "rerender": [Function],
  "unmount": [Function],
}
`;
